// Jest Snapshot v1, https://goo.gl/fbAQLP

exports[`RadioButton Component [SNAPSHOT] match the snapshot 1`] = `
<div
  className="custom_classname radio-button radio-button__small radio-button__checked"
  onClick={[Function]}
  style={
    Object {
      "width": "130px",
    }
  }
>
  <i
    className="radio-button__box"
  />
  <span
    className="radio-button__label"
  >
    Radio
  </span>
</div>
`;
